Sun Oct 19 04:24:03 AM UTC 2025
$SIZES      LIM6=4000 LTH=-1000 DIMNEW=-10000
$PROBLEM   
$INPUT      ID TIME DAY ITEM DV
$DATA      Analysis_Data_nm.csv IGNORE=@
$PRED
;-------------------------constants to select model type-------------------------
PSI_MODEL=0
UNDEF=0
OC1=1    ; ordered categorical [1,4]

;-------------------------assignment of item parameters--------------------------
IF(ITEM.EQ.1) THEN
    MODEL=OC1
    DIS=THETA(1)
    DIF1=THETA(2)
    DIF2=THETA(3)
    DIF3=THETA(4)
ELSE IF(ITEM.EQ.2) THEN
    MODEL=OC1
    DIS=THETA(5)
    DIF1=THETA(6)
    DIF2=THETA(7)
    DIF3=THETA(8)
ELSE IF(ITEM.EQ.3) THEN
    MODEL=OC1
    DIS=THETA(9)
    DIF1=THETA(10)
    DIF2=THETA(11)
    DIF3=THETA(12)
ELSE IF(ITEM.EQ.4) THEN
    MODEL=OC1
    DIS=THETA(13)
    DIF1=THETA(14)
    DIF2=THETA(15)
    DIF3=THETA(16)
ELSE IF(ITEM.EQ.5) THEN
    MODEL=OC1
    DIS=THETA(17)
    DIF1=THETA(18)
    DIF2=THETA(19)
    DIF3=THETA(20)
ELSE IF(ITEM.EQ.6) THEN
    MODEL=OC1
    DIS=THETA(21)
    DIF1=THETA(22)
    DIF2=THETA(23)
    DIF3=THETA(24)
ELSE IF(ITEM.EQ.7) THEN
    MODEL=OC1
    DIS=THETA(25)
    DIF1=THETA(26)
    DIF2=THETA(27)
    DIF3=THETA(28)
ELSE IF(ITEM.EQ.8) THEN
    MODEL=OC1
    DIS=THETA(29)
    DIF1=THETA(30)
    DIF2=THETA(31)
    DIF3=THETA(32)
ELSE IF(ITEM.EQ.9) THEN
    MODEL=OC1
    DIS=THETA(33)
    DIF1=THETA(34)
    DIF2=THETA(35)
    DIF3=THETA(36)
ELSE IF(ITEM.EQ.10) THEN
    MODEL=OC1
    DIS=THETA(37)
    DIF1=THETA(38)
    DIF2=THETA(39)
    DIF3=THETA(40)
ELSE IF(ITEM.EQ.11) THEN
    MODEL=OC1
    DIS=THETA(41)
    DIF1=THETA(42)
    DIF2=THETA(43)
    DIF3=THETA(44)
ELSE IF(ITEM.EQ.12) THEN
    MODEL=OC1
    DIS=THETA(45)
    DIF1=THETA(46)
    DIF2=THETA(47)
    DIF3=THETA(48)
ELSE IF(ITEM.EQ.13) THEN
    MODEL=OC1
    DIS=THETA(49)
    DIF1=THETA(50)
    DIF2=THETA(51)
    DIF3=THETA(52)
ELSE IF(ITEM.EQ.14) THEN
    MODEL=OC1
    DIS=THETA(53)
    DIF1=THETA(54)
    DIF2=THETA(55)
    DIF3=THETA(56)
ELSE IF(ITEM.EQ.15) THEN
    MODEL=OC1
    DIS=THETA(57)
    DIF1=THETA(58)
    DIF2=THETA(59)
    DIF3=THETA(60)
ELSE IF(ITEM.EQ.16) THEN
    MODEL=OC1
    DIS=THETA(61)
    DIF1=THETA(62)
    DIF2=THETA(63)
    DIF3=THETA(64)
ELSE IF(ITEM.EQ.17) THEN
    MODEL=OC1
    DIS=THETA(65)
    DIF1=THETA(66)
    DIF2=THETA(67)
    DIF3=THETA(68)
ELSE IF(ITEM.EQ.18) THEN
    MODEL=OC1
    DIS=THETA(69)
    DIF1=THETA(70)
    DIF2=THETA(71)
    DIF3=THETA(72)
ELSE IF(ITEM.EQ.19) THEN
    MODEL=OC1
    DIS=THETA(73)
    DIF1=THETA(74)
    DIF2=THETA(75)
    DIF3=THETA(76)
ELSE IF(ITEM.EQ.20) THEN
    MODEL=OC1
    DIS=THETA(77)
    DIF1=THETA(78)
    DIF2=THETA(79)
    DIF3=THETA(80)
ELSE IF(ITEM.EQ.21) THEN
    MODEL=OC1
    DIS=THETA(81)
    DIF1=THETA(82)
    DIF2=THETA(83)
    DIF3=THETA(84)
ELSE IF(ITEM.EQ.22) THEN
    MODEL=OC1
    DIS=THETA(85)
    DIF1=THETA(86)
    DIF2=THETA(87)
    DIF3=THETA(88)
ELSE IF(ITEM.EQ.23) THEN
    MODEL=OC1
    DIS=THETA(89)
    DIF1=THETA(90)
    DIF2=THETA(91)
    DIF3=THETA(92)
ELSE IF(ITEM.EQ.24) THEN
    MODEL=OC1
    DIS=THETA(93)
    DIF1=THETA(94)
    DIF2=THETA(95)
    DIF3=THETA(96)
ELSE IF(ITEM.EQ.25) THEN
    MODEL=OC1
    DIS=THETA(97)
    DIF1=THETA(98)
    DIF2=THETA(99)
    DIF3=THETA(100)
ELSE IF(ITEM.EQ.26) THEN
    MODEL=OC1
    DIS=THETA(101)
    DIF1=THETA(102)
    DIF2=THETA(103)
    DIF3=THETA(104)
ELSE IF(ITEM.EQ.27) THEN
    MODEL=OC1
    DIS=THETA(105)
    DIF1=THETA(106)
    DIF2=THETA(107)
    DIF3=THETA(108)
ELSE
    MODEL=UNDEF
    PPRED=0
    SDPRED=0
    P=0
    P0=0
    P1=0
    P2=0
    P3=0
    P4=0
    PGE1=0
    PGE2=0
    PGE3=0
    PGE4=0
END IF

;-------------------------The latent variable model------------------------------

BasePSI = THETA(109) + ETA(1)

TMSLP = THETA(110) + ETA(2)

PSI = BasePSI + TMSLP*TIME 

;-------------------------ordered categorical data model with 4 levels: [1,4]----
IF(MODEL.EQ.OC1) THEN
    DIFG1=DIF1
    DIFG2=DIFG1+DIF2
    DIFG3=DIFG2+DIF3

    PGE1=EXP(DIS*(PSI-DIFG1))/(1+EXP(DIS*(PSI-DIFG1)))
    PGE2=EXP(DIS*(PSI-DIFG2))/(1+EXP(DIS*(PSI-DIFG2)))
    PGE3=EXP(DIS*(PSI-DIFG3))/(1+EXP(DIS*(PSI-DIFG3)))

    P1=1-PGE1
    P2=PGE1-PGE2
    P3=PGE2-PGE3
    P4=PGE3

    PPRED=P1*1 + P2*2 + P3*3 + P4*4
    SDPRED=SQRT(P1*(1-PPRED)**2 + P2*(2-PPRED)**2 + P3*(3-PPRED)**2 + P4*(4-PPRED)**2)
ENDIF

IF(MODEL.EQ.OC1.AND.DV.LE.1) P=P1
IF(MODEL.EQ.OC1.AND.DV.EQ.2) P=P2
IF(MODEL.EQ.OC1.AND.DV.EQ.3) P=P3
IF(MODEL.EQ.OC1.AND.DV.GE.4) P=P4

;-------------------------Response probability prediction and residual-----------
IF(P.LT.1E-16) P=1E-16  ; To protect for P->0
IF(P.GT.(1-1E-16)) P=1-1E-16  ; To protect for P->1
Y=-2*LOG(P)
PWRES = (DV - PPRED) / SDPRED

IF (MODEL.EQ.UNDEF) THEN
    PWRES=0
    P=0
    Y=0
ENDIF

;-------------------------simulation code----------------------------------------
IF(ICALL.EQ.4) THEN
    IF(MODEL.EQ.OC1) THEN
        CALL RANDOM(2, R)
        SDV=1
        IF(R.LT.PGE1) SDV=2
        IF(R.LT.PGE2) SDV=3
        IF(R.LT.PGE3) SDV=4
    ENDIF

    DV=SDV
ENDIF

;-------------------------estimation task----------------------------------------
;Sim_start for VPC
$ESTIMATION METHOD=COND LAPLACE -2LL MAXEVAL=999999 PRINT=1
;$SIMULATION (2080178325) (1517856924 UNI) ONLYSIM NOPRED

;Sim_end for VPC
$TABLE      ID TIME DV ITEM PSI PPRED PWRES DIF1 DIF2 DIF3 DIS DIFG1
            DIFG2 DIFG3 VARCALC=1 FILE=irt_tab2 NOAPPEND ONEHEADER
            NOPRINT
$TABLE      ID TIME DV ITEM P0 P1 P2 P3 P4 FILE=prob_tab2 NOAPPEND
            ONEHEADER NOPRINT
;-------------------------random effects-----------------------------------------
$OMEGA  1  FIX  ; IIV Baseline PSI
$OMEGA  0.09  ;  IIV Slope
$THETA  1.9343 FIX ; I1DIS 1
 -0.9386 FIX ; I1DIF1 2
 1.543 FIX ; I1DIF2 3
 1.1282 FIX ; I1DIF3 4
 2.0591 FIX ; I2DIS 5
 -0.80436 FIX ; I2DIF1 6
 1.3819 FIX ; I2DIF2 7
 1.0301 FIX ; I2DIF3 8
 1.64 FIX ; I3DIS 9
 0.57483 FIX ; I3DIF1 10
 1.4147 FIX ; I3DIF2 11
 0.93171 FIX ; I3DIF3 12
 1.8011 FIX ; I4DIS 13
 0.043665 FIX ; I4DIF1 14
 1.4698 FIX ; I4DIF2 15
 1.0472 FIX ; I4DIF3 16
 1.7653 FIX ; I5DIS 17
 1.6794 FIX ; I5DIF1 18
 1.0895 FIX ; I5DIF2 19
 0.8431 FIX ; I5DIF3 20
 2.1411 FIX ; I6DIS 21
 -0.41202 FIX ; I6DIF1 22
 1.4726 FIX ; I6DIF2 23
 0.90745 FIX ; I6DIF3 24
 2.0531 FIX ; I7DIS 25
 -0.29925 FIX ; I7DIF1 26
 1.3089 FIX ; I7DIF2 27
 0.94174 FIX ; I7DIF3 28
 1.3268 FIX ; I8DIS 29
 0.18045 FIX ; I8DIF1 30
 1.6728 FIX ; I8DIF2 31
 1.4203 FIX ; I8DIF3 32
 1.3237 FIX ; I9DIS 33
 -0.4513 FIX ; I9DIF1 34
 1.7426 FIX ; I9DIF2 35
 1.1219 FIX ; I9DIF3 36
 2.1831 FIX ; I10DIS 37
 -1.0032 FIX ; I10DIF1 38
 1.6815 FIX ; I10DIF2 39
 1.1204 FIX ; I10DIF3 40
 0.87314 FIX ; I11DIS 41
 -0.431 FIX ; I11DIF1 42
 2.3757 FIX ; I11DIF2 43
 1.5462 FIX ; I11DIF3 44
 2.1039 FIX ; I12DIS 45
 -0.44468 FIX ; I12DIF1 46
 1.4688 FIX ; I12DIF2 47
 0.98064 FIX ; I12DIF3 48
 1.3362 FIX ; I13DIS 49
 0.44736 FIX ; I13DIF1 50
 1.2087 FIX ; I13DIF2 51
 0.98346 FIX ; I13DIF3 52
 0.96244 FIX ; I14DIS 53
 0.5686 FIX ; I14DIF1 54
 2.2 FIX ; I14DIF2 55
 1.542 FIX ; I14DIF3 56
 1.1145 FIX ; I15DIS 57
 1.7848 FIX ; I15DIF1 58
 1.5021 FIX ; I15DIF2 59
 0.93173 FIX ; I15DIF3 60
 0.79486 FIX ; I16DIS 61
 1.2051 FIX ; I16DIF1 62
 2.1395 FIX ; I16DIF2 63
 1.6253 FIX ; I16DIF3 64
 0.61997 FIX ; I17DIS 65
 0.9384 FIX ; I17DIF1 66
 2.6624 FIX ; I17DIF2 67
 2.7833 FIX ; I17DIF3 68
 2.1159 FIX ; I18DIS 69
 -1.1499 FIX ; I18DIF1 70
 1.8477 FIX ; I18DIF2 71
 1.0594 FIX ; I18DIF3 72
 1.5629 FIX ; I19DIS 73
 0.083552 FIX ; I19DIF1 74
 1.2959 FIX ; I19DIF2 75
 1.034 FIX ; I19DIF3 76
 1.553 FIX ; I20DIS 77
 0.55378 FIX ; I20DIF1 78
 1.5138 FIX ; I20DIF2 79
 1.0564 FIX ; I20DIF3 80
 1.0599 FIX ; I21DIS 81
 -0.33688 FIX ; I21DIF1 82
 2.3351 FIX ; I21DIF2 83
 1.9377 FIX ; I21DIF3 84
 1.1043 FIX ; I22DIS 85
 -1.0981 FIX ; I22DIF1 86
 2.3496 FIX ; I22DIF2 87
 1.7257 FIX ; I22DIF3 88
 1.0674 FIX ; I23DIS 89
 -0.084291 FIX ; I23DIF1 90
 2.2709 FIX ; I23DIF2 91
 1.7191 FIX ; I23DIF3 92
 1.1789 FIX ; I24DIS 93
 -0.14623 FIX ; I24DIF1 94
 1.9127 FIX ; I24DIF2 95
 1.5673 FIX ; I24DIF3 96
 1.1455 FIX ; I25DIS 97
 0.10211 FIX ; I25DIF1 98
 2.2656 FIX ; I25DIF2 99
 1.381 FIX ; I25DIF3 100
 1.6471 FIX ; I26DIS 101
 -0.084875 FIX ; I26DIF1 102
 1.5771 FIX ; I26DIF2 103
 1.1614 FIX ; I26DIF3 104
 1.9699 FIX ; I27DIS 105
 -0.24135 FIX ; I27DIF1 106
 1.2976 FIX ; I27DIF2 107
 0.96061 FIX ; I27DIF3 108
 0 FIX ; Baseline PSI
 0.001 ; Slope (1/week)
;-------------------------item parameters----------------------------------------
;-------------------------latent variable model parameters-----------------------


NM-TRAN MESSAGES
  
 WARNINGS AND ERRORS (IF ANY) FOR PROBLEM    1
             
 (WARNING  2) NM-TRAN INFERS THAT THE DATA ARE POPULATION.
             
 (WARNING  13) WITH USER-WRITTEN PRED OR $PRED, NM-TRAN CANNOT APPEND THE
 MDV DATA ITEM.
             
 (WARNING  27) THE ABBREVIATED CODE CONTAINS A SIMULATION BLOCK BUT THERE IS
 NO $SIMULATION RECORD.

License Registered to: Kyowa Kirin Inc
Expiration Date:    14 JUN 2026
Current Date:       19 OCT 2025
Days until program expires : 240
1NONLINEAR MIXED EFFECTS MODEL PROGRAM (NONMEM) VERSION 7.5.1
 ORIGINALLY DEVELOPED BY STUART BEAL, LEWIS SHEINER, AND ALISON BOECKMANN
 CURRENT DEVELOPERS ARE ROBERT BAUER, ICON DEVELOPMENT SOLUTIONS,
 AND ALISON BOECKMANN. IMPLEMENTATION, EFFICIENCY, AND STANDARDIZATION
 PERFORMED BY NOUS INFOSYSTEMS.

 PROBLEM NO.:         1

0DATA CHECKOUT RUN:              NO
 DATA SET LOCATED ON UNIT NO.:    2
 THIS UNIT TO BE REWOUND:        NO
 NO. OF DATA RECS IN DATA SET:    28107
 NO. OF DATA ITEMS IN DATA SET:   5
 ID DATA ITEM IS DATA ITEM NO.:   1
 DEP VARIABLE IS DATA ITEM NO.:   5
0LABELS FOR DATA ITEMS:
 ID TIME DAY ITEM DV
0(NONBLANK) LABELS FOR PRED-DEFINED ITEMS:
 DIS DIF1 DIF2 DIF3 P0 PPRED P1 P2 P3 P4 PSI DIFG1 DIFG2 DIFG3 PWRES
0FORMAT FOR DATA:
 (5E4.0)

 TOT. NO. OF OBS RECS:    28107
 TOT. NO. OF INDIVIDUALS:      194
0LENGTH OF THETA: 110
0DEFAULT THETA BOUNDARY TEST OMITTED:    NO
0OMEGA HAS BLOCK FORM:
  1
  0  2
0DEFAULT OMEGA BOUNDARY TEST OMITTED:    NO
0INITIAL ESTIMATE OF THETA:
 LOWER BOUND    INITIAL EST    UPPER BOUND
  0.1934E+01     0.1934E+01     0.1934E+01
 -0.9386E+00    -0.9386E+00    -0.9386E+00
  0.1543E+01     0.1543E+01     0.1543E+01
  0.1128E+01     0.1128E+01     0.1128E+01
  0.2059E+01     0.2059E+01     0.2059E+01
 -0.8044E+00    -0.8044E+00    -0.8044E+00
  0.1382E+01     0.1382E+01     0.1382E+01
  0.1030E+01     0.1030E+01     0.1030E+01
  0.1640E+01     0.1640E+01     0.1640E+01
  0.5748E+00     0.5748E+00     0.5748E+00
  0.1415E+01     0.1415E+01     0.1415E+01
  0.9317E+00     0.9317E+00     0.9317E+00
  0.1801E+01     0.1801E+01     0.1801E+01
  0.4367E-01     0.4367E-01     0.4367E-01
  0.1470E+01     0.1470E+01     0.1470E+01
  0.1047E+01     0.1047E+01     0.1047E+01
  0.1765E+01     0.1765E+01     0.1765E+01
  0.1679E+01     0.1679E+01     0.1679E+01
  0.1089E+01     0.1089E+01     0.1089E+01
  0.8431E+00     0.8431E+00     0.8431E+00
  0.2141E+01     0.2141E+01     0.2141E+01
 -0.4120E+00    -0.4120E+00    -0.4120E+00
  0.1473E+01     0.1473E+01     0.1473E+01
  0.9074E+00     0.9074E+00     0.9074E+00
  0.2053E+01     0.2053E+01     0.2053E+01
 -0.2993E+00    -0.2993E+00    -0.2993E+00
  0.1309E+01     0.1309E+01     0.1309E+01
  0.9417E+00     0.9417E+00     0.9417E+00
  0.1327E+01     0.1327E+01     0.1327E+01
  0.1804E+00     0.1804E+00     0.1804E+00
  0.1673E+01     0.1673E+01     0.1673E+01
  0.1420E+01     0.1420E+01     0.1420E+01
  0.1324E+01     0.1324E+01     0.1324E+01
 -0.4513E+00    -0.4513E+00    -0.4513E+00
  0.1743E+01     0.1743E+01     0.1743E+01
  0.1122E+01     0.1122E+01     0.1122E+01
  0.2183E+01     0.2183E+01     0.2183E+01
 -0.1003E+01    -0.1003E+01    -0.1003E+01
  0.1681E+01     0.1681E+01     0.1681E+01
  0.1120E+01     0.1120E+01     0.1120E+01
  0.8731E+00     0.8731E+00     0.8731E+00
 -0.4310E+00    -0.4310E+00    -0.4310E+00
  0.2376E+01     0.2376E+01     0.2376E+01
  0.1546E+01     0.1546E+01     0.1546E+01
  0.2104E+01     0.2104E+01     0.2104E+01
 -0.4447E+00    -0.4447E+00    -0.4447E+00
  0.1469E+01     0.1469E+01     0.1469E+01
  0.9806E+00     0.9806E+00     0.9806E+00
  0.1336E+01     0.1336E+01     0.1336E+01
  0.4474E+00     0.4474E+00     0.4474E+00
  0.1209E+01     0.1209E+01     0.1209E+01
  0.9835E+00     0.9835E+00     0.9835E+00
  0.9624E+00     0.9624E+00     0.9624E+00
  0.5686E+00     0.5686E+00     0.5686E+00
  0.2200E+01     0.2200E+01     0.2200E+01
  0.1542E+01     0.1542E+01     0.1542E+01
  0.1115E+01     0.1115E+01     0.1115E+01
  0.1785E+01     0.1785E+01     0.1785E+01
  0.1502E+01     0.1502E+01     0.1502E+01
  0.9317E+00     0.9317E+00     0.9317E+00
  0.7949E+00     0.7949E+00     0.7949E+00
  0.1205E+01     0.1205E+01     0.1205E+01
  0.2139E+01     0.2139E+01     0.2139E+01
  0.1625E+01     0.1625E+01     0.1625E+01
  0.6200E+00     0.6200E+00     0.6200E+00
  0.9384E+00     0.9384E+00     0.9384E+00
  0.2662E+01     0.2662E+01     0.2662E+01
  0.2783E+01     0.2783E+01     0.2783E+01
  0.2116E+01     0.2116E+01     0.2116E+01
 -0.1150E+01    -0.1150E+01    -0.1150E+01
  0.1848E+01     0.1848E+01     0.1848E+01
  0.1059E+01     0.1059E+01     0.1059E+01
  0.1563E+01     0.1563E+01     0.1563E+01
  0.8355E-01     0.8355E-01     0.8355E-01
  0.1296E+01     0.1296E+01     0.1296E+01
  0.1034E+01     0.1034E+01     0.1034E+01
  0.1553E+01     0.1553E+01     0.1553E+01
  0.5538E+00     0.5538E+00     0.5538E+00
  0.1514E+01     0.1514E+01     0.1514E+01
  0.1056E+01     0.1056E+01     0.1056E+01
  0.1060E+01     0.1060E+01     0.1060E+01
 -0.3369E+00    -0.3369E+00    -0.3369E+00
  0.2335E+01     0.2335E+01     0.2335E+01
  0.1938E+01     0.1938E+01     0.1938E+01
  0.1104E+01     0.1104E+01     0.1104E+01
 -0.1098E+01    -0.1098E+01    -0.1098E+01
  0.2350E+01     0.2350E+01     0.2350E+01
  0.1726E+01     0.1726E+01     0.1726E+01
  0.1067E+01     0.1067E+01     0.1067E+01
 -0.8429E-01    -0.8429E-01    -0.8429E-01
  0.2271E+01     0.2271E+01     0.2271E+01
  0.1719E+01     0.1719E+01     0.1719E+01
  0.1179E+01     0.1179E+01     0.1179E+01
 -0.1462E+00    -0.1462E+00    -0.1462E+00
  0.1913E+01     0.1913E+01     0.1913E+01
  0.1567E+01     0.1567E+01     0.1567E+01
  0.1145E+01     0.1145E+01     0.1145E+01
  0.1021E+00     0.1021E+00     0.1021E+00
  0.2266E+01     0.2266E+01     0.2266E+01
  0.1381E+01     0.1381E+01     0.1381E+01
  0.1647E+01     0.1647E+01     0.1647E+01
 -0.8488E-01    -0.8488E-01    -0.8488E-01
  0.1577E+01     0.1577E+01     0.1577E+01
  0.1161E+01     0.1161E+01     0.1161E+01
  0.1970E+01     0.1970E+01     0.1970E+01
 -0.2414E+00    -0.2414E+00    -0.2414E+00
  0.1298E+01     0.1298E+01     0.1298E+01
  0.9606E+00     0.9606E+00     0.9606E+00
  0.0000E+00     0.0000E+00     0.0000E+00
 -0.1000E+07     0.1000E-02     0.1000E+07
0INITIAL ESTIMATE OF OMEGA:
 BLOCK SET NO.   BLOCK                                                                    FIXED
        1                                                                                  YES
                  0.1000E+01
        2                                                                                   NO
                  0.9000E-01
0TABLES STEP OMITTED:    NO
 NO. OF TABLES:           2
 SEED NUMBER (SEED):    11456
 NPDTYPE:    0
 INTERPTYPE:    0
 RANMETHOD:             3U
 MC SAMPLES (ESAMPLE):    300
 WRES SQUARE ROOT TYPE (WRESCHOL): EIGENVALUE
0-- TABLE   1 --
0RECORDS ONLY:    ALL
04 COLUMNS APPENDED:    NO
 PRINTED:                NO
 HEADERS:               ONE
 FILE TO BE FORWARDED:   NO
 FORMAT:                S1PE11.4
 IDFORMAT:
 LFORMAT:
 RFORMAT:
 FIXED_EFFECT_ETAS:
0USER-CHOSEN ITEMS:
 ID TIME DV ITEM PSI PPRED PWRES DIF1 DIF2 DIF3 DIS DIFG1 DIFG2 DIFG3
0-- TABLE   2 --
0RECORDS ONLY:    ALL
04 COLUMNS APPENDED:    NO
 PRINTED:                NO
 HEADERS:               ONE
 FILE TO BE FORWARDED:   NO
 FORMAT:                S1PE11.4
 IDFORMAT:
 LFORMAT:
 RFORMAT:
 FIXED_EFFECT_ETAS:
0USER-CHOSEN ITEMS:
 ID TIME DV ITEM P0 P1 P2 P3 P4
1


 #TBLN:      1
 #METH: Laplacian Conditional Estimation

 ESTIMATION STEP OMITTED:                 NO
 ANALYSIS TYPE:                           POPULATION
 NUMBER OF SADDLE POINT RESET ITERATIONS:      0
 GRADIENT METHOD USED:               NOSLOW
 CONDITIONAL ESTIMATES USED:              YES
 CENTERED ETA:                            NO
 EPS-ETA INTERACTION:                     NO
 LAPLACIAN OBJ. FUNC.:                    YES
 NUMERICAL 2ND DERIVATIVES:               NO
 PRED F SET TO -2 LOG LIKELIHOOD:         YES
 NO. OF FUNCT. EVALS. ALLOWED:            999999
 NO. OF SIG. FIGURES REQUIRED:            3
 INTERMEDIATE PRINTOUT:                   YES
 ESTIMATE OUTPUT TO MSF:                  NO
 IND. OBJ. FUNC. VALUES SORTED:           NO
 NUMERICAL DERIVATIVE
       FILE REQUEST (NUMDER):               NONE
 MAP (ETAHAT) ESTIMATION METHOD (OPTMAP):   0
 ETA HESSIAN EVALUATION METHOD (ETADER):    0
 INITIAL ETA FOR MAP ESTIMATION (MCETA):    0
 SIGDIGITS FOR MAP ESTIMATION (SIGLO):      100
 GRADIENT SIGDIGITS OF
       FIXED EFFECTS PARAMETERS (SIGL):     100
 NOPRIOR SETTING (NOPRIOR):                 0
 NOCOV SETTING (NOCOV):                     OFF
 DERCONT SETTING (DERCONT):                 OFF
 FINAL ETA RE-EVALUATION (FNLETA):          1
 EXCLUDE NON-INFLUENTIAL (NON-INFL.) ETAS
       IN SHRINKAGE (ETASTYPE):             NO
 NON-INFL. ETA CORRECTION (NONINFETA):      0
 RAW OUTPUT FILE (FILE): psn.ext
 EXCLUDE TITLE (NOTITLE):                   NO
 EXCLUDE COLUMN LABELS (NOLABEL):           NO
 FORMAT FOR ADDITIONAL FILES (FORMAT):      S1PE12.5
 PARAMETER ORDER FOR OUTPUTS (ORDER):       TSOL
 KNUTHSUMOFF:                               0
 INCLUDE LNTWOPI:                           NO
 INCLUDE CONSTANT TERM TO PRIOR (PRIORC):   NO
 INCLUDE CONSTANT TERM TO OMEGA (ETA) (OLNTWOPI):NO
 ADDITIONAL CONVERGENCE TEST (CTYPE=4)?:    NO
 EM OR BAYESIAN METHOD USED:                 NONE


 THE FOLLOWING LABELS ARE EQUIVALENT
 PRED=NPRED
 RES=NRES
 WRES=NWRES
 IWRS=NIWRES
 IPRD=NIPRED
 IRS=NIRES

 MONITORING OF SEARCH:


0ITERATION NO.:    0    OBJECTIVE VALUE:   45544.3586586267        NO. OF FUNC. EVALS.:   4
 CUMULATIVE NO. OF FUNC. EVALS.:        4
 NPARAMETR:  1.0000E-03  9.0000E-02
 PARAMETER:  1.0000E-01  1.0000E-01
 GRADIENT:  -7.1465E-01  2.9753E+02

0ITERATION NO.:    1    OBJECTIVE VALUE:   45307.2206925373        NO. OF FUNC. EVALS.:   6
 CUMULATIVE NO. OF FUNC. EVALS.:       10
 NPARAMETR:  1.0288E-03  8.1646E-03
 PARAMETER:  1.0288E-01 -1.1000E+00
 GRADIENT:  -4.4100E+00  6.6048E+01

0ITERATION NO.:    2    OBJECTIVE VALUE:   45299.5341859123        NO. OF FUNC. EVALS.:   6
 CUMULATIVE NO. OF FUNC. EVALS.:       16
 NPARAMETR:  1.3375E-02  6.7237E-03
 PARAMETER:  1.3375E+00 -1.1971E+00
 GRADIENT:   1.4308E+00  3.9646E+01

0ITERATION NO.:    3    OBJECTIVE VALUE:   45296.7998183919        NO. OF FUNC. EVALS.:   5
 CUMULATIVE NO. OF FUNC. EVALS.:       21
 NPARAMETR:  8.3950E-03  4.7295E-03
 PARAMETER:  8.3950E-01 -1.3730E+00
 GRADIENT:  -6.5578E-01 -8.5321E+00

0ITERATION NO.:    4    OBJECTIVE VALUE:   45296.5624907589        NO. OF FUNC. EVALS.:   5
 CUMULATIVE NO. OF FUNC. EVALS.:       26
 NPARAMETR:  9.9068E-03  5.0359E-03
 PARAMETER:  9.9068E-01 -1.3416E+00
 GRADIENT:   2.0776E-01  1.8837E-03

0ITERATION NO.:    5    OBJECTIVE VALUE:   45296.5624907589        NO. OF FUNC. EVALS.:   9
 CUMULATIVE NO. OF FUNC. EVALS.:       35
 NPARAMETR:  9.9068E-03  5.0359E-03
 PARAMETER:  9.9068E-01 -1.3416E+00
 GRADIENT:  -2.5743E-01 -1.9450E-01

0ITERATION NO.:    6    OBJECTIVE VALUE:   45296.5568956959        NO. OF FUNC. EVALS.:   7
 CUMULATIVE NO. OF FUNC. EVALS.:       42
 NPARAMETR:  1.0391E-02  5.0397E-03
 PARAMETER:  1.0391E+00 -1.3412E+00
 GRADIENT:   3.0375E-02 -3.3537E-01

0ITERATION NO.:    7    OBJECTIVE VALUE:   45296.5566559605        NO. OF FUNC. EVALS.:   7
 CUMULATIVE NO. OF FUNC. EVALS.:       49
 NPARAMETR:  1.0350E-02  5.0515E-03
 PARAMETER:  1.0350E+00 -1.3401E+00
 GRADIENT:  -4.5517E-04  3.0264E-02

0ITERATION NO.:    8    OBJECTIVE VALUE:   45296.5566559605        NO. OF FUNC. EVALS.:   4
 CUMULATIVE NO. OF FUNC. EVALS.:       53
 NPARAMETR:  1.0350E-02  5.0515E-03
 PARAMETER:  1.0350E+00 -1.3401E+00
 GRADIENT:  -4.5517E-04  3.0264E-02

 #TERM:
0MINIMIZATION SUCCESSFUL
 NO. OF FUNCTION EVALUATIONS USED:       53
 NO. OF SIG. DIGITS IN FINAL EST.:  4.1

 ETABAR IS THE ARITHMETIC MEAN OF THE ETA-ESTIMATES,
 AND THE P-VALUE IS GIVEN FOR THE NULL HYPOTHESIS THAT THE TRUE MEAN IS 0.

 ETABAR:        -2.0746E-02  2.1907E-04
 SE:             7.3076E-02  4.4853E-03
 N:                     194         194

 P VAL.:         7.7649E-01  9.6104E-01

 ETASHRINKSD(%)  1.0000E-10  1.2102E+01
 ETASHRINKVR(%)  1.0000E-10  2.2739E+01
 EBVSHRINKSD(%)  2.8897E+00  1.1744E+01
 EBVSHRINKVR(%)  5.6959E+00  2.2108E+01
 RELATIVEINF(%)  9.3891E+01  7.7551E+01
 EPSSHRINKSD(%)  1.0000E+02
 EPSSHRINKVR(%)  1.0000E+02

  
 TOTAL DATA POINTS NORMALLY DISTRIBUTED (N):            0
 N*LOG(2PI) CONSTANT TO OBJECTIVE FUNCTION:    0.0000000000000000     
 OBJECTIVE FUNCTION VALUE WITHOUT CONSTANT:    45296.556655960521     
 OBJECTIVE FUNCTION VALUE WITH CONSTANT:       45296.556655960521     
 REPORTED OBJECTIVE FUNCTION DOES NOT CONTAIN CONSTANT
  
 TOTAL EFFECTIVE ETAS (NIND*NETA):                           382
  
 #TERE:
 Elapsed estimation  time in seconds:     7.05
 Elapsed postprocess time in seconds:     4.82
1
 
 
 
 
 
 
 
 
 
 
 
 
 
 
 
 
 
 
 
 
 ************************************************************************************************************************
 ********************                                                                                ********************
 ********************                         LAPLACIAN CONDITIONAL ESTIMATION                       ********************
 #OBJT:**************                       MINIMUM VALUE OF OBJECTIVE FUNCTION                      ********************
 ********************                                                                                ********************
 ************************************************************************************************************************
 





 #OBJV:********************************************    45296.557       **************************************************
1
 ************************************************************************************************************************
 ********************                                                                                ********************
 ********************                         LAPLACIAN CONDITIONAL ESTIMATION                       ********************
 ********************                             FINAL PARAMETER ESTIMATE                           ********************
 ********************                                                                                ********************
 ************************************************************************************************************************
 


 THETA - VECTOR OF FIXED EFFECTS PARAMETERS   *********


         TH  1     TH  2     TH  3     TH  4     TH  5     TH  6     TH  7     TH  8     TH  9     TH 10     TH 11     TH 12    
          TH 13     TH 14     TH 15     TH 16     TH 17     TH 18     TH 19     TH 20     TH 21     TH 22     TH 23     TH 24    
         TH 25     TH 26     TH 27     TH 28     TH 29     TH 30     TH 31     TH 32     TH 33     TH 34     TH 35     TH 36    
          TH 37     TH 38     TH 39     TH 40     TH 41     TH 42     TH 43     TH 44     TH 45     TH 46     TH 47     TH 48    
         TH 49     TH 50     TH 51     TH 52     TH 53     TH 54     TH 55     TH 56     TH 57     TH 58     TH 59     TH 60    
          TH 61     TH 62     TH 63     TH 64     TH 65     TH 66     TH 67     TH 68     TH 69     TH 70     TH 71     TH 72    
         TH 73     TH 74     TH 75     TH 76     TH 77     TH 78     TH 79     TH 80     TH 81     TH 82     TH 83     TH 84    
          TH 85     TH 86     TH 87     TH 88     TH 89     TH 90     TH 91     TH 92     TH 93     TH 94     TH 95     TH 96    
         TH 97     TH 98     TH 99     TH100     TH101     TH102     TH103     TH104     TH105     TH106     TH107     TH108    
          TH109     TH110    
 
         1.93E+00 -9.39E-01  1.54E+00  1.13E+00  2.06E+00 -8.04E-01  1.38E+00  1.03E+00  1.64E+00  5.75E-01  1.41E+00  9.32E-01
          1.80E+00  4.37E-02  1.47E+00  1.05E+00  1.77E+00  1.68E+00  1.09E+00  8.43E-01  2.14E+00 -4.12E-01  1.47E+00  9.07E-01
         2.05E+00 -2.99E-01  1.31E+00  9.42E-01  1.33E+00  1.80E-01  1.67E+00  1.42E+00  1.32E+00 -4.51E-01  1.74E+00  1.12E+00
          2.18E+00 -1.00E+00  1.68E+00  1.12E+00  8.73E-01 -4.31E-01  2.38E+00  1.55E+00  2.10E+00 -4.45E-01  1.47E+00  9.81E-01
         1.34E+00  4.47E-01  1.21E+00  9.83E-01  9.62E-01  5.69E-01  2.20E+00  1.54E+00  1.11E+00  1.78E+00  1.50E+00  9.32E-01
          7.95E-01  1.21E+00  2.14E+00  1.63E+00  6.20E-01  9.38E-01  2.66E+00  2.78E+00  2.12E+00 -1.15E+00  1.85E+00  1.06E+00
         1.56E+00  8.36E-02  1.30E+00  1.03E+00  1.55E+00  5.54E-01  1.51E+00  1.06E+00  1.06E+00 -3.37E-01  2.34E+00  1.94E+00
          1.10E+00 -1.10E+00  2.35E+00  1.73E+00  1.07E+00 -8.43E-02  2.27E+00  1.72E+00  1.18E+00 -1.46E-01  1.91E+00  1.57E+00
         1.15E+00  1.02E-01  2.27E+00  1.38E+00  1.65E+00 -8.49E-02  1.58E+00  1.16E+00  1.97E+00 -2.41E-01  1.30E+00  9.61E-01
          0.00E+00  1.03E-02
 


 OMEGA - COV MATRIX FOR RANDOM EFFECTS - ETAS  ********


         ETA1      ETA2     
 
 ETA1
+        1.00E+00
 
 ETA2
+        0.00E+00  5.05E-03
 
1


 OMEGA - CORR MATRIX FOR RANDOM EFFECTS - ETAS  *******


         ETA1      ETA2     
 
 ETA1
+        1.00E+00
 
 ETA2
+        0.00E+00  7.11E-02
 
 Elapsed finaloutput time in seconds:     1.38
 #CPUT: Total CPU Time in Seconds,       14.673
Stop Time:
Sun Oct 19 04:24:24 AM UTC 2025
