Mon Nov 24 03:23:32 AM UTC 2025
;; 1. Based on: 2
$SIZES      LIM6=4000 LTH=-1000 DIMNEW=-10000
$PROBLEM   
$INPUT      ID TIME DAY ITEM DV AGE MENOSN LESION1 ECOG CHEMO SURGERY
            RADIO ERS PGRS MHDEPRES MDANXIET WEIGHT PFS ITMGRPN
$DATA      Analysis_Data_nm_wCov.csv IGNORE=@
$PRED
;-------------------------constants to select model type-------------------------
PSI_MODEL=0
UNDEF=0
OC1=1    ; ordered categorical [1,4]

;-------------------------assignment of item parameters--------------------------
IF(ITEM.EQ.1) THEN
    MODEL=OC1
    DIS=THETA(1)
    DIF1=THETA(2)
    DIF2=THETA(3)
    DIF3=THETA(4)
ELSE IF(ITEM.EQ.2) THEN
    MODEL=OC1
    DIS=THETA(5)
    DIF1=THETA(6)
    DIF2=THETA(7)
    DIF3=THETA(8)
ELSE IF(ITEM.EQ.3) THEN
    MODEL=OC1
    DIS=THETA(9)
    DIF1=THETA(10)
    DIF2=THETA(11)
    DIF3=THETA(12)
ELSE IF(ITEM.EQ.4) THEN
    MODEL=OC1
    DIS=THETA(13)
    DIF1=THETA(14)
    DIF2=THETA(15)
    DIF3=THETA(16)
ELSE IF(ITEM.EQ.5) THEN
    MODEL=OC1
    DIS=THETA(17)
    DIF1=THETA(18)
    DIF2=THETA(19)
    DIF3=THETA(20)
ELSE IF(ITEM.EQ.6) THEN
    MODEL=OC1
    DIS=THETA(21)
    DIF1=THETA(22)
    DIF2=THETA(23)
    DIF3=THETA(24)
ELSE IF(ITEM.EQ.7) THEN
    MODEL=OC1
    DIS=THETA(25)
    DIF1=THETA(26)
    DIF2=THETA(27)
    DIF3=THETA(28)
ELSE IF(ITEM.EQ.8) THEN
    MODEL=OC1
    DIS=THETA(29)
    DIF1=THETA(30)
    DIF2=THETA(31)
    DIF3=THETA(32)
ELSE IF(ITEM.EQ.9) THEN
    MODEL=OC1
    DIS=THETA(33)
    DIF1=THETA(34)
    DIF2=THETA(35)
    DIF3=THETA(36)
ELSE IF(ITEM.EQ.10) THEN
    MODEL=OC1
    DIS=THETA(37)
    DIF1=THETA(38)
    DIF2=THETA(39)
    DIF3=THETA(40)
ELSE IF(ITEM.EQ.11) THEN
    MODEL=OC1
    DIS=THETA(41)
    DIF1=THETA(42)
    DIF2=THETA(43)
    DIF3=THETA(44)
ELSE IF(ITEM.EQ.12) THEN
    MODEL=OC1
    DIS=THETA(45)
    DIF1=THETA(46)
    DIF2=THETA(47)
    DIF3=THETA(48)
ELSE IF(ITEM.EQ.13) THEN
    MODEL=OC1
    DIS=THETA(49)
    DIF1=THETA(50)
    DIF2=THETA(51)
    DIF3=THETA(52)
ELSE IF(ITEM.EQ.14) THEN
    MODEL=OC1
    DIS=THETA(53)
    DIF1=THETA(54)
    DIF2=THETA(55)
    DIF3=THETA(56)
ELSE IF(ITEM.EQ.15) THEN
    MODEL=OC1
    DIS=THETA(57)
    DIF1=THETA(58)
    DIF2=THETA(59)
    DIF3=THETA(60)
ELSE IF(ITEM.EQ.16) THEN
    MODEL=OC1
    DIS=THETA(61)
    DIF1=THETA(62)
    DIF2=THETA(63)
    DIF3=THETA(64)
ELSE IF(ITEM.EQ.17) THEN
    MODEL=OC1
    DIS=THETA(65)
    DIF1=THETA(66)
    DIF2=THETA(67)
    DIF3=THETA(68)
ELSE IF(ITEM.EQ.18) THEN
    MODEL=OC1
    DIS=THETA(69)
    DIF1=THETA(70)
    DIF2=THETA(71)
    DIF3=THETA(72)
ELSE IF(ITEM.EQ.19) THEN
    MODEL=OC1
    DIS=THETA(73)
    DIF1=THETA(74)
    DIF2=THETA(75)
    DIF3=THETA(76)
ELSE IF(ITEM.EQ.20) THEN
    MODEL=OC1
    DIS=THETA(77)
    DIF1=THETA(78)
    DIF2=THETA(79)
    DIF3=THETA(80)
ELSE IF(ITEM.EQ.21) THEN
    MODEL=OC1
    DIS=THETA(81)
    DIF1=THETA(82)
    DIF2=THETA(83)
    DIF3=THETA(84)
ELSE IF(ITEM.EQ.22) THEN
    MODEL=OC1
    DIS=THETA(85)
    DIF1=THETA(86)
    DIF2=THETA(87)
    DIF3=THETA(88)
ELSE IF(ITEM.EQ.23) THEN
    MODEL=OC1
    DIS=THETA(89)
    DIF1=THETA(90)
    DIF2=THETA(91)
    DIF3=THETA(92)
ELSE IF(ITEM.EQ.24) THEN
    MODEL=OC1
    DIS=THETA(93)
    DIF1=THETA(94)
    DIF2=THETA(95)
    DIF3=THETA(96)
ELSE IF(ITEM.EQ.25) THEN
    MODEL=OC1
    DIS=THETA(97)
    DIF1=THETA(98)
    DIF2=THETA(99)
    DIF3=THETA(100)
ELSE IF(ITEM.EQ.26) THEN
    MODEL=OC1
    DIS=THETA(101)
    DIF1=THETA(102)
    DIF2=THETA(103)
    DIF3=THETA(104)
ELSE IF(ITEM.EQ.27) THEN
    MODEL=OC1
    DIS=THETA(105)
    DIF1=THETA(106)
    DIF2=THETA(107)
    DIF3=THETA(108)
ELSE
    MODEL=UNDEF
    PPRED=0
    SDPRED=0
    P=0
    P0=0
    P1=0
    P2=0
    P3=0
    P4=0
    PGE1=0
    PGE2=0
    PGE3=0
    PGE4=0
END IF

;-------------------------The latent variable model------------------------------
BasePSI = THETA(109) + ETA(1)

BasePSIAGE = BasePSI * (1 + THETA(111)*(AGE-30))

TMSLP = THETA(110) + ETA(2)

PSI = BasePSIAGE + TMSLP*TIME 

;-------------------------ordered categorical data model with 4 levels: [1,4]----
IF(MODEL.EQ.OC1) THEN
    DIFG1=DIF1
    DIFG2=DIFG1+DIF2
    DIFG3=DIFG2+DIF3

    PGE1=EXP(DIS*(PSI-DIFG1))/(1+EXP(DIS*(PSI-DIFG1)))
    PGE2=EXP(DIS*(PSI-DIFG2))/(1+EXP(DIS*(PSI-DIFG2)))
    PGE3=EXP(DIS*(PSI-DIFG3))/(1+EXP(DIS*(PSI-DIFG3)))

    P1=1-PGE1
    P2=PGE1-PGE2
    P3=PGE2-PGE3
    P4=PGE3

    PPRED=P1*1 + P2*2 + P3*3 + P4*4
    SDPRED=SQRT(P1*(1-PPRED)**2 + P2*(2-PPRED)**2 + P3*(3-PPRED)**2 + P4*(4-PPRED)**2)
ENDIF

IF(MODEL.EQ.OC1.AND.DV.LE.1) P=P1
IF(MODEL.EQ.OC1.AND.DV.EQ.2) P=P2
IF(MODEL.EQ.OC1.AND.DV.EQ.3) P=P3
IF(MODEL.EQ.OC1.AND.DV.GE.4) P=P4

;-------------------------Response probability prediction and residual-----------
IF(P.LT.1E-16) P=1E-16  ; To protect for P->0
IF(P.GT.(1-1E-16)) P=1-1E-16  ; To protect for P->1
Y=-2*LOG(P)
PWRES = (DV - PPRED) / SDPRED

IF (MODEL.EQ.UNDEF) THEN
    PWRES=0
    P=0
    Y=0
ENDIF

;-------------------------simulation code----------------------------------------
IF(ICALL.EQ.4) THEN
    IF(MODEL.EQ.OC1) THEN
        CALL RANDOM(2, R)
        SDV=1
        IF(R.LT.PGE1) SDV=2
        IF(R.LT.PGE2) SDV=3
        IF(R.LT.PGE3) SDV=4
    ENDIF

    DV=SDV
ENDIF

;-------------------------estimation task----------------------------------------
;Sim_start for VPC
$ESTIMATION METHOD=COND LAPLACE -2LL MAXEVAL=999999 PRINT=1
;$SIMULATION (1589557849) (1877569181 UNI) ONLYSIM NOPRED

;Sim_end for VPC
$TABLE      ID TIME DV ITEM PSI PPRED PWRES DIF1 DIF2 DIF3 DIS DIFG1
            DIFG2 DIFG3 VARCALC=1 FILE=irt_tab3 NOAPPEND ONEHEADER
            NOPRINT
$TABLE      ID TIME DV ITEM P0 P1 P2 P3 P4 FILE=prob_tab3 NOAPPEND
            ONEHEADER NOPRINT
;-------------------------random effects-----------------------------------------
$OMEGA  1  FIX
$OMEGA  0.00467666
$THETA  1.9117 FIX ; I1DIS 1
 -0.91712 FIX ; I1DIF1 2
 1.4828 FIX ; I1DIF2 3
 1.0863 FIX ; I1DIF3 4
 2.0739 FIX ; I2DIS 5
 -0.82103 FIX ; I2DIF1 6
 1.3857 FIX ; I2DIF2 7
 0.97033 FIX ; I2DIF3 8
 1.6198 FIX ; I3DIS 9
 0.5554 FIX ; I3DIF1 10
 1.3292 FIX ; I3DIF2 11
 1.0426 FIX ; I3DIF3 12
 1.7668 FIX ; I4DIS 13
 0.012738 FIX ; I4DIF1 14
 1.5111 FIX ; I4DIF2 15
 1.114 FIX ; I4DIF3 16
 1.8257 FIX ; I5DIS 17
 1.5931 FIX ; I5DIF1 18
 1.1236 FIX ; I5DIF2 19
 0.72069 FIX ; I5DIF3 20
 2.0843 FIX ; I6DIS 21
 -0.43869 FIX ; I6DIF1 22
 1.458 FIX ; I6DIF2 23
 0.89624 FIX ; I6DIF3 24
 2.0367 FIX ; I7DIS 25
 -0.3242 FIX ; I7DIF1 26
 1.2906 FIX ; I7DIF2 27
 0.94443 FIX ; I7DIF3 28
 1.3362 FIX ; I8DIS 29
 0.17649 FIX ; I8DIF1 30
 1.5874 FIX ; I8DIF2 31
 1.3798 FIX ; I8DIF3 32
 1.33 FIX ; I9DIS 33
 -0.43347 FIX ; I9DIF1 34
 1.7006 FIX ; I9DIF2 35
 1.1431 FIX ; I9DIF3 36
 2.0767 FIX ; I10DIS 37
 -1.0529 FIX ; I10DIF1 38
 1.7167 FIX ; I10DIF2 39
 1.1369 FIX ; I10DIF3 40
 0.88503 FIX ; I11DIS 41
 -0.46276 FIX ; I11DIF1 42
 2.3574 FIX ; I11DIF2 43
 1.4116 FIX ; I11DIF3 44
 2.0194 FIX ; I12DIS 45
 -0.47391 FIX ; I12DIF1 46
 1.5105 FIX ; I12DIF2 47
 0.90972 FIX ; I12DIF3 48
 1.2625 FIX ; I13DIS 49
 0.42593 FIX ; I13DIF1 50
 1.286 FIX ; I13DIF2 51
 1.0743 FIX ; I13DIF3 52
 0.94525 FIX ; I14DIS 53
 0.57017 FIX ; I14DIF1 54
 2.1811 FIX ; I14DIF2 55
 1.5881 FIX ; I14DIF3 56
 1.1283 FIX ; I15DIS 57
 1.7441 FIX ; I15DIF1 58
 1.5189 FIX ; I15DIF2 59
 0.91865 FIX ; I15DIF3 60
 0.78249 FIX ; I16DIS 61
 1.1156 FIX ; I16DIF1 62
 2.0913 FIX ; I16DIF2 63
 1.7683 FIX ; I16DIF3 64
 0.6568 FIX ; I17DIS 65
 0.90225 FIX ; I17DIF1 66
 2.4728 FIX ; I17DIF2 67
 2.4783 FIX ; I17DIF3 68
 2.0085 FIX ; I18DIS 69
 -1.1861 FIX ; I18DIF1 70
 1.8796 FIX ; I18DIF2 71
 1.0429 FIX ; I18DIF3 72
 1.5341 FIX ; I19DIS 73
 0.089623 FIX ; I19DIF1 74
 1.2705 FIX ; I19DIF2 75
 1.0755 FIX ; I19DIF3 76
 1.5816 FIX ; I20DIS 77
 0.51012 FIX ; I20DIF1 78
 1.4812 FIX ; I20DIF2 79
 1.0099 FIX ; I20DIF3 80
 0.96876 FIX ; I21DIS 81
 -0.42266 FIX ; I21DIF1 82
 2.5724 FIX ; I21DIF2 83
 1.998 FIX ; I21DIF3 84
 1.0351 FIX ; I22DIS 85
 -1.1774 FIX ; I22DIF1 86
 2.5151 FIX ; I22DIF2 87
 1.7269 FIX ; I22DIF3 88
 0.91239 FIX ; I23DIS 89
 -0.14212 FIX ; I23DIF1 90
 2.544 FIX ; I23DIF2 91
 2.0401 FIX ; I23DIF3 92
 1.0884 FIX ; I24DIS 93
 -0.21793 FIX ; I24DIF1 94
 2.0452 FIX ; I24DIF2 95
 1.8809 FIX ; I24DIF3 96
 1.1039 FIX ; I25DIS 97
 0.063705 FIX ; I25DIF1 98
 2.4231 FIX ; I25DIF2 99
 1.4284 FIX ; I25DIF3 100
 1.6959 FIX ; I26DIS 101
 -0.1193 FIX ; I26DIF1 102
 1.5197 FIX ; I26DIF2 103
 1.134 FIX ; I26DIF3 104
 2.0651 FIX ; I27DIS 105
 -0.26346 FIX ; I27DIF1 106
 1.2732 FIX ; I27DIF2 107
 0.93297 FIX ; I27DIF3 108
 0 FIX
 0.0154707 ; Time Slope (1/week)
 0.01 ; Age effect


NM-TRAN MESSAGES
  
 WARNINGS AND ERRORS (IF ANY) FOR PROBLEM    1
             
 (WARNING  2) NM-TRAN INFERS THAT THE DATA ARE POPULATION.
             
 (WARNING  13) WITH USER-WRITTEN PRED OR $PRED, NM-TRAN CANNOT APPEND THE
 MDV DATA ITEM.
             
 (WARNING  27) THE ABBREVIATED CODE CONTAINS A SIMULATION BLOCK BUT THERE IS
 NO $SIMULATION RECORD.

License Registered to: Kyowa Kirin Inc
Expiration Date:    14 JUN 2026
Current Date:       24 NOV 2025
Days until program expires : 205
1NONLINEAR MIXED EFFECTS MODEL PROGRAM (NONMEM) VERSION 7.5.1
 ORIGINALLY DEVELOPED BY STUART BEAL, LEWIS SHEINER, AND ALISON BOECKMANN
 CURRENT DEVELOPERS ARE ROBERT BAUER, ICON DEVELOPMENT SOLUTIONS,
 AND ALISON BOECKMANN. IMPLEMENTATION, EFFICIENCY, AND STANDARDIZATION
 PERFORMED BY NOUS INFOSYSTEMS.

 PROBLEM NO.:         1

0DATA CHECKOUT RUN:              NO
 DATA SET LOCATED ON UNIT NO.:    2
 THIS UNIT TO BE REWOUND:        NO
 NO. OF DATA RECS IN DATA SET:    32185
 NO. OF DATA ITEMS IN DATA SET:  19
 ID DATA ITEM IS DATA ITEM NO.:   1
 DEP VARIABLE IS DATA ITEM NO.:   5
0LABELS FOR DATA ITEMS:
 ID TIME DAY ITEM DV AGE MENOSN LESION1 ECOG CHEMO SURGERY RADIO ERS PGRS MHDEPRES MDANXIET WEIGHT PFS ITMGRPN
0(NONBLANK) LABELS FOR PRED-DEFINED ITEMS:
 DIS DIF1 DIF2 DIF3 P0 PPRED P1 P2 P3 P4 PSI DIFG1 DIFG2 DIFG3 PWRES
0FORMAT FOR DATA:
 (E4.0,E3.0,E4.0,E3.0,E2.0,E3.0,E2.0,E3.0,8E2.0,E6.0,E5.0,E2.0)

 TOT. NO. OF OBS RECS:    32185
 TOT. NO. OF INDIVIDUALS:      199
0LENGTH OF THETA: 111
0DEFAULT THETA BOUNDARY TEST OMITTED:    NO
0OMEGA HAS BLOCK FORM:
  1
  0  2
0DEFAULT OMEGA BOUNDARY TEST OMITTED:    NO
0INITIAL ESTIMATE OF THETA:
 LOWER BOUND    INITIAL EST    UPPER BOUND
  0.1912E+01     0.1912E+01     0.1912E+01
 -0.9171E+00    -0.9171E+00    -0.9171E+00
  0.1483E+01     0.1483E+01     0.1483E+01
  0.1086E+01     0.1086E+01     0.1086E+01
  0.2074E+01     0.2074E+01     0.2074E+01
 -0.8210E+00    -0.8210E+00    -0.8210E+00
  0.1386E+01     0.1386E+01     0.1386E+01
  0.9703E+00     0.9703E+00     0.9703E+00
  0.1620E+01     0.1620E+01     0.1620E+01
  0.5554E+00     0.5554E+00     0.5554E+00
  0.1329E+01     0.1329E+01     0.1329E+01
  0.1043E+01     0.1043E+01     0.1043E+01
  0.1767E+01     0.1767E+01     0.1767E+01
  0.1274E-01     0.1274E-01     0.1274E-01
  0.1511E+01     0.1511E+01     0.1511E+01
  0.1114E+01     0.1114E+01     0.1114E+01
  0.1826E+01     0.1826E+01     0.1826E+01
  0.1593E+01     0.1593E+01     0.1593E+01
  0.1124E+01     0.1124E+01     0.1124E+01
  0.7207E+00     0.7207E+00     0.7207E+00
  0.2084E+01     0.2084E+01     0.2084E+01
 -0.4387E+00    -0.4387E+00    -0.4387E+00
  0.1458E+01     0.1458E+01     0.1458E+01
  0.8962E+00     0.8962E+00     0.8962E+00
  0.2037E+01     0.2037E+01     0.2037E+01
 -0.3242E+00    -0.3242E+00    -0.3242E+00
  0.1291E+01     0.1291E+01     0.1291E+01
  0.9444E+00     0.9444E+00     0.9444E+00
  0.1336E+01     0.1336E+01     0.1336E+01
  0.1765E+00     0.1765E+00     0.1765E+00
  0.1587E+01     0.1587E+01     0.1587E+01
  0.1380E+01     0.1380E+01     0.1380E+01
  0.1330E+01     0.1330E+01     0.1330E+01
 -0.4335E+00    -0.4335E+00    -0.4335E+00
  0.1701E+01     0.1701E+01     0.1701E+01
  0.1143E+01     0.1143E+01     0.1143E+01
  0.2077E+01     0.2077E+01     0.2077E+01
 -0.1053E+01    -0.1053E+01    -0.1053E+01
  0.1717E+01     0.1717E+01     0.1717E+01
  0.1137E+01     0.1137E+01     0.1137E+01
  0.8850E+00     0.8850E+00     0.8850E+00
 -0.4628E+00    -0.4628E+00    -0.4628E+00
  0.2357E+01     0.2357E+01     0.2357E+01
  0.1412E+01     0.1412E+01     0.1412E+01
  0.2019E+01     0.2019E+01     0.2019E+01
 -0.4739E+00    -0.4739E+00    -0.4739E+00
  0.1510E+01     0.1510E+01     0.1510E+01
  0.9097E+00     0.9097E+00     0.9097E+00
  0.1262E+01     0.1262E+01     0.1262E+01
  0.4259E+00     0.4259E+00     0.4259E+00
  0.1286E+01     0.1286E+01     0.1286E+01
  0.1074E+01     0.1074E+01     0.1074E+01
  0.9453E+00     0.9453E+00     0.9453E+00
  0.5702E+00     0.5702E+00     0.5702E+00
  0.2181E+01     0.2181E+01     0.2181E+01
  0.1588E+01     0.1588E+01     0.1588E+01
  0.1128E+01     0.1128E+01     0.1128E+01
  0.1744E+01     0.1744E+01     0.1744E+01
  0.1519E+01     0.1519E+01     0.1519E+01
  0.9186E+00     0.9186E+00     0.9186E+00
  0.7825E+00     0.7825E+00     0.7825E+00
  0.1116E+01     0.1116E+01     0.1116E+01
  0.2091E+01     0.2091E+01     0.2091E+01
  0.1768E+01     0.1768E+01     0.1768E+01
  0.6568E+00     0.6568E+00     0.6568E+00
  0.9022E+00     0.9022E+00     0.9022E+00
  0.2473E+01     0.2473E+01     0.2473E+01
  0.2478E+01     0.2478E+01     0.2478E+01
  0.2009E+01     0.2009E+01     0.2009E+01
 -0.1186E+01    -0.1186E+01    -0.1186E+01
  0.1880E+01     0.1880E+01     0.1880E+01
  0.1043E+01     0.1043E+01     0.1043E+01
  0.1534E+01     0.1534E+01     0.1534E+01
  0.8962E-01     0.8962E-01     0.8962E-01
  0.1270E+01     0.1270E+01     0.1270E+01
  0.1075E+01     0.1075E+01     0.1075E+01
  0.1582E+01     0.1582E+01     0.1582E+01
  0.5101E+00     0.5101E+00     0.5101E+00
  0.1481E+01     0.1481E+01     0.1481E+01
  0.1010E+01     0.1010E+01     0.1010E+01
  0.9688E+00     0.9688E+00     0.9688E+00
 -0.4227E+00    -0.4227E+00    -0.4227E+00
  0.2572E+01     0.2572E+01     0.2572E+01
  0.1998E+01     0.1998E+01     0.1998E+01
  0.1035E+01     0.1035E+01     0.1035E+01
 -0.1177E+01    -0.1177E+01    -0.1177E+01
  0.2515E+01     0.2515E+01     0.2515E+01
  0.1727E+01     0.1727E+01     0.1727E+01
  0.9124E+00     0.9124E+00     0.9124E+00
 -0.1421E+00    -0.1421E+00    -0.1421E+00
  0.2544E+01     0.2544E+01     0.2544E+01
  0.2040E+01     0.2040E+01     0.2040E+01
  0.1088E+01     0.1088E+01     0.1088E+01
 -0.2179E+00    -0.2179E+00    -0.2179E+00
  0.2045E+01     0.2045E+01     0.2045E+01
  0.1881E+01     0.1881E+01     0.1881E+01
  0.1104E+01     0.1104E+01     0.1104E+01
  0.6370E-01     0.6370E-01     0.6370E-01
  0.2423E+01     0.2423E+01     0.2423E+01
  0.1428E+01     0.1428E+01     0.1428E+01
  0.1696E+01     0.1696E+01     0.1696E+01
 -0.1193E+00    -0.1193E+00    -0.1193E+00
  0.1520E+01     0.1520E+01     0.1520E+01
  0.1134E+01     0.1134E+01     0.1134E+01
  0.2065E+01     0.2065E+01     0.2065E+01
 -0.2635E+00    -0.2635E+00    -0.2635E+00
  0.1273E+01     0.1273E+01     0.1273E+01
  0.9330E+00     0.9330E+00     0.9330E+00
  0.0000E+00     0.0000E+00     0.0000E+00
 -0.1000E+07     0.1547E-01     0.1000E+07
 -0.1000E+07     0.1000E-01     0.1000E+07
0INITIAL ESTIMATE OF OMEGA:
 BLOCK SET NO.   BLOCK                                                                    FIXED
        1                                                                                  YES
                  0.1000E+01
        2                                                                                   NO
                  0.4677E-02
0TABLES STEP OMITTED:    NO
 NO. OF TABLES:           2
 SEED NUMBER (SEED):    11456
 NPDTYPE:    0
 INTERPTYPE:    0
 RANMETHOD:             3U
 MC SAMPLES (ESAMPLE):    300
 WRES SQUARE ROOT TYPE (WRESCHOL): EIGENVALUE
0-- TABLE   1 --
0RECORDS ONLY:    ALL
04 COLUMNS APPENDED:    NO
 PRINTED:                NO
 HEADERS:               ONE
 FILE TO BE FORWARDED:   NO
 FORMAT:                S1PE11.4
 IDFORMAT:
 LFORMAT:
 RFORMAT:
 FIXED_EFFECT_ETAS:
0USER-CHOSEN ITEMS:
 ID TIME DV ITEM PSI PPRED PWRES DIF1 DIF2 DIF3 DIS DIFG1 DIFG2 DIFG3
0-- TABLE   2 --
0RECORDS ONLY:    ALL
04 COLUMNS APPENDED:    NO
 PRINTED:                NO
 HEADERS:               ONE
 FILE TO BE FORWARDED:   NO
 FORMAT:                S1PE11.4
 IDFORMAT:
 LFORMAT:
 RFORMAT:
 FIXED_EFFECT_ETAS:
0USER-CHOSEN ITEMS:
 ID TIME DV ITEM P0 P1 P2 P3 P4
1


 #TBLN:      1
 #METH: Laplacian Conditional Estimation

 ESTIMATION STEP OMITTED:                 NO
 ANALYSIS TYPE:                           POPULATION
 NUMBER OF SADDLE POINT RESET ITERATIONS:      0
 GRADIENT METHOD USED:               NOSLOW
 CONDITIONAL ESTIMATES USED:              YES
 CENTERED ETA:                            NO
 EPS-ETA INTERACTION:                     NO
 LAPLACIAN OBJ. FUNC.:                    YES
 NUMERICAL 2ND DERIVATIVES:               NO
 PRED F SET TO -2 LOG LIKELIHOOD:         YES
 NO. OF FUNCT. EVALS. ALLOWED:            999999
 NO. OF SIG. FIGURES REQUIRED:            3
 INTERMEDIATE PRINTOUT:                   YES
 ESTIMATE OUTPUT TO MSF:                  NO
 IND. OBJ. FUNC. VALUES SORTED:           NO
 NUMERICAL DERIVATIVE
       FILE REQUEST (NUMDER):               NONE
 MAP (ETAHAT) ESTIMATION METHOD (OPTMAP):   0
 ETA HESSIAN EVALUATION METHOD (ETADER):    0
 INITIAL ETA FOR MAP ESTIMATION (MCETA):    0
 SIGDIGITS FOR MAP ESTIMATION (SIGLO):      100
 GRADIENT SIGDIGITS OF
       FIXED EFFECTS PARAMETERS (SIGL):     100
 NOPRIOR SETTING (NOPRIOR):                 0
 NOCOV SETTING (NOCOV):                     OFF
 DERCONT SETTING (DERCONT):                 OFF
 FINAL ETA RE-EVALUATION (FNLETA):          1
 EXCLUDE NON-INFLUENTIAL (NON-INFL.) ETAS
       IN SHRINKAGE (ETASTYPE):             NO
 NON-INFL. ETA CORRECTION (NONINFETA):      0
 RAW OUTPUT FILE (FILE): psn.ext
 EXCLUDE TITLE (NOTITLE):                   NO
 EXCLUDE COLUMN LABELS (NOLABEL):           NO
 FORMAT FOR ADDITIONAL FILES (FORMAT):      S1PE12.5
 PARAMETER ORDER FOR OUTPUTS (ORDER):       TSOL
 KNUTHSUMOFF:                               0
 INCLUDE LNTWOPI:                           NO
 INCLUDE CONSTANT TERM TO PRIOR (PRIORC):   NO
 INCLUDE CONSTANT TERM TO OMEGA (ETA) (OLNTWOPI):NO
 ADDITIONAL CONVERGENCE TEST (CTYPE=4)?:    NO
 EM OR BAYESIAN METHOD USED:                 NONE


 THE FOLLOWING LABELS ARE EQUIVALENT
 PRED=NPRED
 RES=NRES
 WRES=NWRES
 IWRS=NIWRES
 IPRD=NIPRED
 IRS=NIRES

 MONITORING OF SEARCH:


0ITERATION NO.:    0    OBJECTIVE VALUE:   52935.9350721096        NO. OF FUNC. EVALS.:   5
 CUMULATIVE NO. OF FUNC. EVALS.:        5
 NPARAMETR:  1.5471E-02  1.0000E-02  4.6767E-03
 PARAMETER:  1.0000E-01  1.0000E-01  1.0000E-01
 GRADIENT:   1.3363E+01  1.8604E+02 -1.4637E+00

0ITERATION NO.:    1    OBJECTIVE VALUE:   52927.9682451964        NO. OF FUNC. EVALS.:   7
 CUMULATIVE NO. OF FUNC. EVALS.:       12
 NPARAMETR:  1.4660E-02  2.7031E-03  4.6820E-03
 PARAMETER:  9.4759E-02  2.7031E-02  1.0057E-01
 GRADIENT:   5.8485E+00  2.2885E+01  2.1918E-01

0ITERATION NO.:    2    OBJECTIVE VALUE:   52927.9433933631        NO. OF FUNC. EVALS.:   8
 CUMULATIVE NO. OF FUNC. EVALS.:       20
 NPARAMETR:  1.4496E-02  2.2884E-03  4.6817E-03
 PARAMETER:  9.3699E-02  2.2884E-02  1.0053E-01
 GRADIENT:   4.1964E+00  8.7732E+00  3.7325E-01

0ITERATION NO.:    3    OBJECTIVE VALUE:   52927.9433933631        NO. OF FUNC. EVALS.:  15
 CUMULATIVE NO. OF FUNC. EVALS.:       35
 NPARAMETR:  1.4496E-02  2.2884E-03  4.6817E-03
 PARAMETER:  9.3699E-02  2.2884E-02  1.0053E-01
 GRADIENT:  -1.0424E+01  1.2486E+00  3.5877E-01

0ITERATION NO.:    4    OBJECTIVE VALUE:   52927.9105975034        NO. OF FUNC. EVALS.:  12
 CUMULATIVE NO. OF FUNC. EVALS.:       47
 NPARAMETR:  1.5583E-02  2.2059E-03  4.6794E-03
 PARAMETER:  1.0073E-01  2.2059E-02  1.0029E-01
 GRADIENT:   1.0257E+00 -1.7862E+00 -5.2863E-01

0ITERATION NO.:    5    OBJECTIVE VALUE:   52927.9102382687        NO. OF FUNC. EVALS.:  12
 CUMULATIVE NO. OF FUNC. EVALS.:       59
 NPARAMETR:  1.5604E-02  2.2064E-03  4.6963E-03
 PARAMETER:  1.0086E-01  2.2064E-02  1.0209E-01
 GRADIENT:   1.0195E+00 -1.7910E+00 -1.6160E-02

0ITERATION NO.:    6    OBJECTIVE VALUE:   52927.9094704972        NO. OF FUNC. EVALS.:  11
 CUMULATIVE NO. OF FUNC. EVALS.:       70
 NPARAMETR:  1.5515E-02  2.2538E-03  4.6945E-03
 PARAMETER:  1.0028E-01  2.2538E-02  1.0191E-01
 GRADIENT:   9.5965E-02 -9.5492E-02 -2.8885E-03

0ITERATION NO.:    7    OBJECTIVE VALUE:   52927.9094704972        NO. OF FUNC. EVALS.:   6
 CUMULATIVE NO. OF FUNC. EVALS.:       76
 NPARAMETR:  1.5515E-02  2.2538E-03  4.6945E-03
 PARAMETER:  1.0028E-01  2.2538E-02  1.0191E-01
 GRADIENT:   9.5965E-02 -9.5492E-02 -2.8885E-03

 #TERM:
0MINIMIZATION SUCCESSFUL
 NO. OF FUNCTION EVALUATIONS USED:       76
 NO. OF SIG. DIGITS IN FINAL EST.:  3.2

 ETABAR IS THE ARITHMETIC MEAN OF THE ETA-ESTIMATES,
 AND THE P-VALUE IS GIVEN FOR THE NULL HYPOTHESIS THAT THE TRUE MEAN IS 0.

 ETABAR:        -4.3053E-02  2.0337E-04
 SE:             6.7919E-02  4.3241E-03
 N:                     199         199

 P VAL.:         5.2616E-01  9.6249E-01

 ETASHRINKSD(%)  4.1888E+00  1.0972E+01
 ETASHRINKVR(%)  8.2021E+00  2.0740E+01
 EBVSHRINKSD(%)  2.1127E+00  1.0583E+01
 EBVSHRINKVR(%)  4.1809E+00  2.0046E+01
 RELATIVEINF(%)  9.5472E+01  7.9664E+01
 EPSSHRINKSD(%)  1.0000E+02
 EPSSHRINKVR(%)  1.0000E+02

  
 TOTAL DATA POINTS NORMALLY DISTRIBUTED (N):            0
 N*LOG(2PI) CONSTANT TO OBJECTIVE FUNCTION:    0.0000000000000000     
 OBJECTIVE FUNCTION VALUE WITHOUT CONSTANT:    52927.909470497158     
 OBJECTIVE FUNCTION VALUE WITH CONSTANT:       52927.909470497158     
 REPORTED OBJECTIVE FUNCTION DOES NOT CONTAIN CONSTANT
  
 TOTAL EFFECTIVE ETAS (NIND*NETA):                           397
  
 #TERE:
 Elapsed estimation  time in seconds:    11.54
 Elapsed postprocess time in seconds:     5.50
1
 
 
 
 
 
 
 
 
 
 
 
 
 
 
 
 
 
 
 
 
 ************************************************************************************************************************
 ********************                                                                                ********************
 ********************                         LAPLACIAN CONDITIONAL ESTIMATION                       ********************
 #OBJT:**************                       MINIMUM VALUE OF OBJECTIVE FUNCTION                      ********************
 ********************                                                                                ********************
 ************************************************************************************************************************
 





 #OBJV:********************************************    52927.909       **************************************************
1
 ************************************************************************************************************************
 ********************                                                                                ********************
 ********************                         LAPLACIAN CONDITIONAL ESTIMATION                       ********************
 ********************                             FINAL PARAMETER ESTIMATE                           ********************
 ********************                                                                                ********************
 ************************************************************************************************************************
 


 THETA - VECTOR OF FIXED EFFECTS PARAMETERS   *********


         TH  1     TH  2     TH  3     TH  4     TH  5     TH  6     TH  7     TH  8     TH  9     TH 10     TH 11     TH 12    
          TH 13     TH 14     TH 15     TH 16     TH 17     TH 18     TH 19     TH 20     TH 21     TH 22     TH 23     TH 24    
         TH 25     TH 26     TH 27     TH 28     TH 29     TH 30     TH 31     TH 32     TH 33     TH 34     TH 35     TH 36    
          TH 37     TH 38     TH 39     TH 40     TH 41     TH 42     TH 43     TH 44     TH 45     TH 46     TH 47     TH 48    
         TH 49     TH 50     TH 51     TH 52     TH 53     TH 54     TH 55     TH 56     TH 57     TH 58     TH 59     TH 60    
          TH 61     TH 62     TH 63     TH 64     TH 65     TH 66     TH 67     TH 68     TH 69     TH 70     TH 71     TH 72    
         TH 73     TH 74     TH 75     TH 76     TH 77     TH 78     TH 79     TH 80     TH 81     TH 82     TH 83     TH 84    
          TH 85     TH 86     TH 87     TH 88     TH 89     TH 90     TH 91     TH 92     TH 93     TH 94     TH 95     TH 96    
         TH 97     TH 98     TH 99     TH100     TH101     TH102     TH103     TH104     TH105     TH106     TH107     TH108    
          TH109     TH110     TH111    
 
         1.91E+00 -9.17E-01  1.48E+00  1.09E+00  2.07E+00 -8.21E-01  1.39E+00  9.70E-01  1.62E+00  5.55E-01  1.33E+00  1.04E+00
          1.77E+00  1.27E-02  1.51E+00  1.11E+00  1.83E+00  1.59E+00  1.12E+00  7.21E-01  2.08E+00 -4.39E-01  1.46E+00  8.96E-01
         2.04E+00 -3.24E-01  1.29E+00  9.44E-01  1.34E+00  1.76E-01  1.59E+00  1.38E+00  1.33E+00 -4.33E-01  1.70E+00  1.14E+00
          2.08E+00 -1.05E+00  1.72E+00  1.14E+00  8.85E-01 -4.63E-01  2.36E+00  1.41E+00  2.02E+00 -4.74E-01  1.51E+00  9.10E-01
         1.26E+00  4.26E-01  1.29E+00  1.07E+00  9.45E-01  5.70E-01  2.18E+00  1.59E+00  1.13E+00  1.74E+00  1.52E+00  9.19E-01
          7.82E-01  1.12E+00  2.09E+00  1.77E+00  6.57E-01  9.02E-01  2.47E+00  2.48E+00  2.01E+00 -1.19E+00  1.88E+00  1.04E+00
         1.53E+00  8.96E-02  1.27E+00  1.08E+00  1.58E+00  5.10E-01  1.48E+00  1.01E+00  9.69E-01 -4.23E-01  2.57E+00  2.00E+00
          1.04E+00 -1.18E+00  2.52E+00  1.73E+00  9.12E-01 -1.42E-01  2.54E+00  2.04E+00  1.09E+00 -2.18E-01  2.05E+00  1.88E+00
         1.10E+00  6.37E-02  2.42E+00  1.43E+00  1.70E+00 -1.19E-01  1.52E+00  1.13E+00  2.07E+00 -2.63E-01  1.27E+00  9.33E-01
          0.00E+00  1.55E-02  2.25E-03
 


 OMEGA - COV MATRIX FOR RANDOM EFFECTS - ETAS  ********


         ETA1      ETA2     
 
 ETA1
+        1.00E+00
 
 ETA2
+        0.00E+00  4.69E-03
 
1


 OMEGA - CORR MATRIX FOR RANDOM EFFECTS - ETAS  *******


         ETA1      ETA2     
 
 ETA1
+        1.00E+00
 
 ETA2
+        0.00E+00  6.85E-02
 
 Elapsed finaloutput time in seconds:     1.72
 #CPUT: Total CPU Time in Seconds,       23.134
Stop Time:
Mon Nov 24 03:24:02 AM UTC 2025
